
> vk-reposter-pro@4.5.0 test
> node --test tests/*.test.js && npm --prefix server test

✔ settings export keeps configuration and optional secrets but skips activity (15.0593ms)
✔ export can omit every token and secret (0.5312ms)
✔ full export carries queues and import can independently exclude secrets (8.5054ms)
✔ import rejects unrelated JSON and ignores non-extension keys (1.6438ms)
✔ popup exposes export and import without an extra browser permission (0.4958ms)
✔ cleanup uses ticketed sequential messages and never VK execute (9.071ms)
✔ photo cleanup has a persisted per-community rolling budget and VK cooldown (0.6183ms)
✔ wall preview keeps pinned posts and photos owned by another community (10.3112ms)
✔ wall preview supports skipping attached photos (0.3ms)
✔ album preview emits only selected community-owned photos (3.1497ms)
✔ range normalisation is inclusive and rejects inverted dates (2.5093ms)
✔ preview tickets expire after ten minutes and never hold a token (0.4443ms)
✔ photo budget is rolling, discards expired entries and exposes the next slot (1.4227ms)
✔ an explicit VK cooldown blocks only the supplied community budget (0.3937ms)
✔ album cleanup is capped to the available photo slots (0.4841ms)
✔ a 2205-photo cleanup becomes one 950-photo batch without losing the remainder count (10.563ms)
✔ wall cleanup keeps every post while deferring photos beyond the budget (0.5758ms)
✔ runner deletes one item at a time and reports progress (4.3713ms)
✔ runner pauses without touching later items on VK protection (0.7639ms)
✔ runner retries only twice and records a safe item error (0.6135ms)
✔ runner stops before a later deletion when cancellation is requested (0.2763ms)
✔ both cleanup buttons use the ticketed safe cleanup dialog (1.6708ms)
✔ safe cleanup dialog has preview, live progress, stop and finished states (1.18ms)
✔ clip timeline exposes every exact publish time before starting (8.7819ms)
✔ jobs are flattened by file then group and only one can become active (1.1157ms)
✔ clip interval advances once per video and keeps communities synchronized (0.378ms)
✔ source disconnection pauses unfinished jobs and history contains no file data (0.7697ms)
✔ invalid transitions throw instead of starting a parallel job (2.2593ms)
✔ clip interval rejects malformed values (0.4011ms)
✔ clips coordinator uses one active normal tab and no cookie automation (5.8729ms)
✔ clip files remain in memory and are transferred in bounded chunks (0.5919ms)
✔ clip uploader preserves the community route and verifies the author (1.4597ms)
✔ clip interval and long filenames are visible in the UI (0.9044ms)
✔ ready clip queue gets a lightweight accessible flame action (0.3801ms)
✔ clip title has a progressive WebGL mesh hover with a text fallback (0.4261ms)
✔ clip results can be cleared without deleting current queue files (0.3448ms)
✔ stale automation state cannot hide controls on a community page (3.0384ms)
✔ community IDs are normalised, deduplicated and bounded (5.2995ms)
✔ stored sets recover safely from malformed local storage (1.5071ms)
✔ creating a set requires both a name and selected communities (6.1725ms)
✔ editing preserves identity and original creation time (0.832ms)
✔ applying a set separates visible and unavailable communities (0.5161ms)
✔ group-set core loads before the modal content script (5.9597ms)
✔ post modal exposes create, apply, edit and delete controls (2.4508ms)
✔ saved names render as text and unavailable communities are reported (0.9383ms)
✔ group sets have active, editor and narrow-layout styles (1.2226ms)
✔ maintenance scopes reject ambiguous destructive requests (5.6311ms)
✔ error cleanup removes terminal failures and partial results only (1.4095ms)
✔ completed cleanup preserves active and failed records (0.3256ms)
✔ all-history cleanup never removes active records (0.3407ms)
✔ stored history arrays can be treated as terminal even without a legacy status (0.3907ms)
✔ manifest has no cookie interception, OAuth impersonation, or global hosts (1.7654ms)
✔ active service worker contains no legacy account sync or like automation (0.8644ms)
✔ video cookie automation is absent and queue cleanup goes through worker (1.7522ms)
✔ copy mode uploads photos into every target community before wall.post (5.41ms)
✔ local user token uploads copied photos before the final wall.post (0.3269ms)
✔ posts with copied photos use local user auth through the final wall.post (0.2236ms)
✔ VK group-auth photo error is explained as a local user-token problem (0.3047ms)
✔ photo preparation is restart-safe and never falls back after upload validation failure (2.0008ms)
✔ manifest grants only narrow VK CDN access needed to download source photos (1.1941ms)
✔ connected user token is represented by a VK profile card (16.1695ms)
✔ popup omits temporary safe-mode warnings and labels (0.4606ms)
✔ popup exposes user-only communities and server automation without group-token menus (0.5086ms)
✔ classifyVkError pauses on VK protection and rate-limit errors (6.1691ms)
✔ classifyVkError fails invalid credentials without retrying (4.5764ms)
✔ classifyVkError retries only transient transport and VK server errors (0.3207ms)
✔ selectCredential always uses the local user token for copy posting (0.3734ms)
✔ selectCredential requires a local user token for a repost (4.9334ms)
✔ selectCredential always uses a local user token for photo uploads (1.1209ms)
✔ selectCredential never uses a community token for wall analytics (11.0747ms)
✔ selectCredential never falls back to another community token (5.287ms)
✔ selectCredential uses one user token without a community token (4.3973ms)
✔ selectCredential prefers the user token for comments and keeps group fallback (5.415ms)
✔ buildReusableAttachments preserves supported IDs and access keys (0.5495ms)
✔ largestPhotoUrl selects the actual largest image instead of relying on VK order (8.7779ms)
✔ copied photo attachment uses the fresh saveWallPhoto owner returned by VK (1.8173ms)
✔ normalizeQueueJobs recovers stale processing jobs only (11.0745ms)
✔ scheduled photo copies wait locally while other queued jobs remain runnable (16.9076ms)
✔ createSerialScheduler never overlaps work and enforces the interval (21.0529ms)
✔ post queue uses deterministic time ordering (1.824ms)
✔ history restores period analytics and per-group activity ranking (0.6702ms)
✔ scheduled post cards render every photo as an accessible carousel (1.3833ms)
✔ queue pause always explains the safety stop and exposes the right action (0.7454ms)
✔ data maintenance exposes scoped cleanup without deleting active jobs (0.5629ms)
✔ scheduled photo copies explain server due-time upload and failed comments can retry (0.3683ms)
✔ waiting cards persist drafts and expose their original VK wall post (0.2956ms)
✔ scheduled comments use saved community labels (5.1514ms)
✔ partial post failures are visible per community (3.2238ms)
✔ extension action menu exposes schedules, clips and stories (0.4444ms)
✔ post queue exposes live publication and photo-upload progress (0.3408ms)
✔ scheduled posts run on the server at photo time and can be cancelled (4.4337ms)
✔ service-worker lifecycle shutdowns do not become unhandled errors (1.8963ms)
✔ every alarm creation is awaited so runtime.lastError is consumed (10.4198ms)
✔ story media is uploaded raw and scheduled cards use captured previews (5.0587ms)
✔ story UI uses the connected user token and managed community directory (0.4219ms)
✔ TwiBoost is available through a narrowly scoped background integration (4.5442ms)
✔ TwiBoost key stays local and is never embedded in tracked source (0.7581ms)
✔ TwiBoost service labels are rendered as text instead of API HTML (3.374ms)
✔ managed communities are discovered locally with the user token (3.5232ms)
✔ delayed comments use an encrypted server-side user token with local fallback (0.4787ms)
✔ comments are staggered between communities (0.2399ms)
✔ waiting draft normalizes groups and keeps every form field (1.8579ms)
✔ legacy waiting item receives readable defaults and a group summary (38.0012ms)
ℹ tests 103
ℹ suites 0
ℹ pass 103
ℹ fail 0
ℹ cancelled 0
ℹ skipped 0
ℹ todo 0
ℹ duration_ms 2176.292

> vk-reposter-safe-server@4.3.0 test
> node --test test/*.test.js

✔ health is public but API status requires bearer authentication (295.3497ms)
✔ story draft and raw media responses expose no credential fields (266.5661ms)
✔ scheduled comment response contains no credential fields (75.7078ms)
✔ scheduled post endpoints are authenticated and never echo the user token (80.154ms)
✔ authenticated comment retry returns the requeued public job (176.8544ms)
✔ authenticated maintenance endpoints return actual MongoDB cleanup counts (45.4584ms)
✔ bearer auth accepts only the configured full secret (2.0129ms)
✔ comment expiration stays 30 days beyond a future schedule (9.9001ms)
✔ comment maintenance deletes terminal scopes but never queued or paused jobs (10.1519ms)
✔ manual comment retry keeps the idempotency key and clears the failed attempt (5.4578ms)
✔ token vault encrypts and decrypts without storing plaintext (27.3941ms)
✔ token vault rejects a modified authentication tag (0.8703ms)
✔ token vault requires exactly 32 decoded key bytes (11.0808ms)
✔ post service encrypts the user token and initializes one batch (16.4138ms)
✔ post service can cancel, retry and purge terminal jobs only (36.5226ms)
✔ scheduled post validation normalizes a future user-authorized batch (16.6313ms)
✔ scheduled post rejects a past date, empty groups and group token payloads (5.5866ms)
✔ public scheduled post never exposes encrypted credentials (3.3073ms)
✔ post worker publishes one community per lease and waits before the next (4.3749ms)
✔ post worker pauses the full batch when VK requests verification (1.0899ms)
✔ story maintenance removes GridFS media before deleting terminal documents (5.4986ms)
✔ story maintenance retains the document when GridFS deletion fails (0.7121ms)
✔ story draft accepts a future community story with an internal VK link (5.3184ms)
✔ story rejects external CTA links and oversized media (1.8828ms)
✔ story normalizes the visible vk.ru host to the API-supported vk.com host (2.6975ms)
✔ public story serializer never exposes token or GridFS internals (0.4697ms)
✔ story worker pauses on CAPTCHA without attempting an upload twice (4.5447ms)
✔ story worker completes its lease and removes media after VK save (1.2966ms)
✔ published story remains completed when immediate media cleanup fails (2.1156ms)
✔ scheduled comment validation normalizes a valid payload (5.8941ms)
✔ scheduled comment validation rejects bad IDs and oversized text (0.6912ms)
✔ public job serializer never exposes encrypted credential fields (0.4109ms)
✔ VK client posts the token in the body and sends a stable guid (5.3551ms)
✔ story upload server uses community fields and save sends upload result only (4.1441ms)
✔ server copy publishes only at execution time and never sends publish_date (4.9097ms)
✔ worker pauses a job on CAPTCHA instead of retrying it (5.2147ms)
✔ worker retries a transient failure with bounded backoff (0.6683ms)
✔ worker gives a transient VK error six attempts before marking it failed (0.3902ms)
✔ worker uses VK guid and completes only its own lease (0.3516ms)
ℹ tests 39
ℹ suites 0
ℹ pass 39
ℹ fail 0
ℹ cancelled 0
ℹ skipped 0
ℹ todo 0
ℹ duration_ms 3220.3355
