
> vk-reposter-pro@4.6.0 test
> node --test tests/*.test.js && npm --prefix server test

✔ settings export keeps configuration and optional secrets but skips activity (5.8715ms)
✔ export can omit every token and secret (0.3316ms)
✔ full export carries queues and import can independently exclude secrets (4.6993ms)
✔ import rejects unrelated JSON and ignores non-extension keys (0.9724ms)
✔ popup exposes export and import without an extra browser permission (3.097ms)
✔ cleanup uses ticketed sequential messages and never VK execute (3.0643ms)
✔ photo cleanup has a persisted per-community rolling budget and VK cooldown (0.5475ms)
✔ wall preview keeps pinned posts and photos owned by another community (6.095ms)
✔ wall preview supports skipping attached photos (2.3233ms)
✔ album preview emits only selected community-owned photos (1.6045ms)
✔ range normalisation is inclusive and rejects inverted dates (3.0284ms)
✔ preview tickets expire after ten minutes and never hold a token (0.8066ms)
✔ photo budget is rolling, discards expired entries and exposes the next slot (0.6802ms)
✔ an explicit VK cooldown blocks only the supplied community budget (0.253ms)
✔ album cleanup is capped to the available photo slots (0.3833ms)
✔ a 2205-photo cleanup becomes one 950-photo batch without losing the remainder count (5.2769ms)
✔ wall cleanup keeps every post while deferring photos beyond the budget (0.475ms)
✔ runner deletes one item at a time and reports progress (5.9291ms)
✔ runner pauses without touching later items on VK protection (1.2293ms)
✔ runner retries only twice and records a safe item error (0.7532ms)
✔ runner stops before a later deletion when cancellation is requested (3.2093ms)
✔ both cleanup buttons use the ticketed safe cleanup dialog (5.0367ms)
✔ safe cleanup dialog has preview, live progress, stop and finished states (3.664ms)
✔ clip quality panel is packaged and bridged to validated direct downloads (1.7222ms)
✔ popup restores the clip download switch (1.2538ms)
✔ clip timeline exposes every exact publish time before starting (9.7593ms)
✔ jobs are flattened by file then group and only one can become active (1.0585ms)
✔ clip interval advances once per video and keeps communities synchronized (0.4881ms)
✔ source disconnection pauses unfinished jobs and history contains no file data (4.8373ms)
✔ invalid transitions throw instead of starting a parallel job (8.913ms)
✔ clip interval rejects malformed values (0.5015ms)
✔ clips coordinator uses one active normal tab and no cookie automation (6.4463ms)
✔ clip files remain in memory and are transferred in bounded chunks (0.5688ms)
✔ clip uploader preserves the community route and verifies the author (3.7392ms)
✔ clip interval and long filenames are visible in the UI (0.4313ms)
✔ ready clip queue gets a lightweight accessible flame action (0.1972ms)
✔ clip title has a progressive WebGL mesh hover with a text fallback (0.1731ms)
✔ clip results can be cleared without deleting current queue files (0.2966ms)
✔ stale automation state cannot hide controls on a community page (4.6874ms)
✔ community IDs are normalised, deduplicated and bounded (6.3159ms)
✔ stored sets recover safely from malformed local storage (5.4979ms)
✔ creating a set requires both a name and selected communities (5.591ms)
✔ editing preserves identity and original creation time (2.1623ms)
✔ applying a set separates visible and unavailable communities (0.9904ms)
✔ group-set core loads before the modal content script (16.1465ms)
✔ post modal exposes create, apply, edit and delete controls (0.7831ms)
✔ saved names render as text and unavailable communities are reported (0.9461ms)
✔ group sets have active, editor and narrow-layout styles (1.2969ms)
✔ maintenance scopes reject ambiguous destructive requests (4.477ms)
✔ error cleanup removes terminal failures and partial results only (1.0618ms)
✔ completed cleanup preserves active and failed records (0.2552ms)
✔ all-history cleanup never removes active records (1.5689ms)
✔ stored history arrays can be treated as terminal even without a legacy status (0.4007ms)
✔ manifest has no cookie interception, OAuth impersonation, or global hosts (4.3716ms)
✔ active service worker contains no legacy account sync or like automation (0.6723ms)
✔ clip download uses no cookie automation and queue cleanup goes through worker (24.7509ms)
✔ copy mode uploads photos into every target community before wall.post (2.5293ms)
✔ local user token uploads copied photos before the final wall.post (0.3551ms)
✔ posts with copied photos use local user auth through the final wall.post (0.2463ms)
✔ VK group-auth photo error is explained as a local user-token problem (0.3182ms)
✔ photo preparation is restart-safe and never falls back after upload validation failure (0.2368ms)
✔ manifest grants only narrow VK CDN access needed to download source photos (4.5348ms)
✔ connected user token is represented by a VK profile card (5.0064ms)
✔ popup omits temporary safe-mode warnings and labels (0.5707ms)
✔ popup exposes user-only communities and server automation without group-token menus (1.8432ms)
✔ classifyVkError pauses on VK protection and rate-limit errors (4.5183ms)
✔ classifyVkError fails invalid credentials without retrying (3.7503ms)
✔ classifyVkError retries only transient transport and VK server errors (0.3147ms)
✔ selectCredential always uses the local user token for copy posting (0.3421ms)
✔ selectCredential requires a local user token for a repost (0.6482ms)
✔ selectCredential always uses a local user token for photo uploads (0.33ms)
✔ selectCredential never uses a community token for wall analytics (2.8162ms)
✔ selectCredential never falls back to another community token (0.5454ms)
✔ selectCredential uses one user token without a community token (1.0711ms)
✔ selectCredential prefers the user token for comments and keeps group fallback (0.4334ms)
✔ buildReusableAttachments preserves supported IDs and access keys (0.3779ms)
✔ largestPhotoUrl selects the actual largest image instead of relying on VK order (0.6813ms)
✔ copied photo attachment uses the fresh saveWallPhoto owner returned by VK (0.9878ms)
✔ normalizeQueueJobs recovers stale processing jobs only (1.2089ms)
✔ scheduled photo copies wait locally while other queued jobs remain runnable (0.4248ms)
✔ createSerialScheduler never overlaps work and enforces the interval (2.1011ms)
✔ post queue uses deterministic time ordering (1.2777ms)
✔ history restores period analytics and per-group activity ranking (2.0198ms)
✔ scheduled post cards render every photo as an accessible carousel (3.648ms)
✔ queue pause always explains the safety stop and exposes the right action (0.6314ms)
✔ data maintenance exposes scoped cleanup without deleting active jobs (0.4924ms)
✔ scheduled photo copies explain server due-time upload and failed comments can retry (0.2465ms)
✔ waiting cards persist drafts and expose their original VK wall post (0.3123ms)
✔ scheduled comments use saved community labels (21.788ms)
✔ partial post failures are visible per community (10.8412ms)
✔ extension action menu exposes schedules, clips and stories (4.312ms)
✔ post queue exposes live publication and photo-upload progress (0.7173ms)
✔ scheduled posts run on the server at photo time and can be cancelled (2.4503ms)
✔ scheduled server posts and comments expose editing and per-community cancellation (1.3408ms)
✔ service-worker lifecycle shutdowns do not become unhandled errors (1.6948ms)
✔ every alarm creation is awaited so runtime.lastError is consumed (11.7178ms)
✔ story media is uploaded raw and scheduled cards use captured previews (1.5047ms)
✔ story UI uses the connected user token and managed community directory (1.0285ms)
✔ TwiBoost is available through a narrowly scoped background integration (5.9434ms)
✔ TwiBoost key stays local and is never embedded in tracked source (0.993ms)
✔ TwiBoost service labels are rendered as text instead of API HTML (0.3898ms)
✔ managed communities are discovered locally with the user token (1.5086ms)
✔ delayed comments use an encrypted server-side user token with local fallback (0.4889ms)
✔ comments are staggered between communities (4.1817ms)
✔ waiting draft normalizes groups and keeps every form field (5.5806ms)
✔ legacy waiting item receives readable defaults and a group summary (49.5921ms)
ℹ tests 106
ℹ suites 0
ℹ pass 106
ℹ fail 0
ℹ cancelled 0
ℹ skipped 0
ℹ todo 0
ℹ duration_ms 3915.8233

> vk-reposter-safe-server@4.4.0 test
> node --test test/*.test.js

✔ health is public but API status requires bearer authentication (222.2436ms)
✔ story draft and raw media responses expose no credential fields (66.158ms)
✔ scheduled comment response contains no credential fields (17.1506ms)
✔ scheduled post endpoints are authenticated and never echo the user token (39.672ms)
✔ authenticated comment retry returns the requeued public job (17.8826ms)
✔ authenticated edit and per-community cancellation routes return public jobs (31.937ms)
✔ authenticated maintenance endpoints return actual MongoDB cleanup counts (38.225ms)
✔ bearer auth accepts only the configured full secret (1.9227ms)
✔ comment expiration stays 30 days beyond a future schedule (5.6141ms)
✔ comment maintenance deletes terminal scopes but never queued or paused jobs (4.1148ms)
✔ manual comment retry keeps the idempotency key and clears the failed attempt (4.9216ms)
✔ queued comment text and time can be edited (2.0465ms)
✔ token vault encrypts and decrypts without storing plaintext (5.499ms)
✔ token vault rejects a modified authentication tag (0.9767ms)
✔ token vault requires exactly 32 decoded key bytes (4.7859ms)
✔ post service encrypts the user token and initializes one batch (5.0342ms)
✔ post service can cancel, retry and purge terminal jobs only (3.2754ms)
✔ post service edits only mutable fields of a non-processing job (0.874ms)
✔ post service cancels one pending community without cancelling the batch (1.0805ms)
✔ scheduled post validation normalizes a future user-authorized batch (6.0796ms)
✔ scheduled post rejects a past date, empty groups and group token payloads (1.3061ms)
✔ public scheduled post never exposes encrypted credentials (0.3993ms)
✔ post worker publishes one community per lease and waits before the next (5.8253ms)
✔ post worker pauses the full batch when VK requests verification (0.6693ms)
✔ post worker records a cancelled target and never calls VK for it (0.4039ms)
✔ story maintenance removes GridFS media before deleting terminal documents (12.4217ms)
✔ story maintenance retains the document when GridFS deletion fails (3.8715ms)
✔ story draft accepts a future community story with an internal VK link (11.6483ms)
✔ story rejects external CTA links and oversized media (4.2731ms)
✔ story normalizes the visible vk.ru host to the API-supported vk.com host (0.2535ms)
✔ public story serializer never exposes token or GridFS internals (0.2549ms)
✔ story worker pauses on CAPTCHA without attempting an upload twice (5.1296ms)
✔ story worker completes its lease and removes media after VK save (1.5254ms)
✔ published story remains completed when immediate media cleanup fails (0.8631ms)
✔ scheduled comment validation normalizes a valid payload (4.4067ms)
✔ scheduled comment validation rejects bad IDs and oversized text (3.9727ms)
✔ public job serializer never exposes encrypted credential fields (0.3652ms)
✔ VK client posts the token in the body and sends a stable guid (14.6568ms)
✔ story upload server uses community fields and save sends upload result only (0.7457ms)
✔ server copy publishes only at execution time and never sends publish_date (6.1218ms)
✔ worker pauses a job on CAPTCHA instead of retrying it (5.3431ms)
✔ worker retries a transient failure with bounded backoff (0.5702ms)
✔ worker gives a transient VK error six attempts before marking it failed (0.3689ms)
✔ worker uses VK guid and completes only its own lease (0.3568ms)
ℹ tests 44
ℹ suites 0
ℹ pass 44
ℹ fail 0
ℹ cancelled 0
ℹ skipped 0
ℹ todo 0
ℹ duration_ms 2056.7393
